// Jest Snapshot v1, https://goo.gl/fbAQLP

exports[`msg funcs works 1`] = `
"export const createSend = (getSigningClient: SigningClientResolver) => buildTx<MsgSend>({
  getSigningClient: getSigningClient,
  typeUrl: MsgSend.typeUrl,
  encoders: toEncoders(MsgSend),
  converters: toConverters(MsgSend)
});"
`;

exports[`msg funcs works 2`] = `
"export const useSend = buildUseMutation<MsgSend, Error>({
  builderMutationFn: createSend
});"
`;

exports[`query funcs works 1`] = `
"export const createGetBalance = (getRpcInstance: SigningClientResolver) => buildQuery<QueryBalanceRequest, QueryBalanceResponse>({
  encoder: QueryBalanceRequest.encode,
  decoder: QueryBalanceResponse.decode,
  service: "cosmos.bank.v1beta1.Query",
  method: "Balance",
  getRpcInstance: getRpcInstance
});"
`;

exports[`query funcs works 2`] = `
"export const useBalance = buildUseQuery<QueryBalanceRequest, QueryBalanceResponse>({
  builderQueryFn: createGetBalance,
  queryKeyPrefix: "BalanceQuery"
});"
`;
