// Jest Snapshot v1, https://goo.gl/fbAQLP

exports[`createRpcQueryExtension 1`] = `
"export const createRpcQueryExtension = (base: QueryClient) => {
  const rpc = createProtobufRpcClient(base);
  const queryService = new QueryClientImpl(rpc);
  return {
    accounts(request?: QueryAccountsRequest, useInterfaces: boolean = true): Promise<QueryAccountsResponse> {
      return queryService.accounts(request, useInterfaces);
    },
    account(request: QueryAccountRequest, useInterfaces: boolean = true): Promise<QueryAccountResponse> {
      return queryService.account(request, useInterfaces);
    },
    params(request?: QueryParamsRequest, useInterfaces: boolean = true): Promise<QueryParamsResponse> {
      return queryService.params(request, useInterfaces);
    },
    moduleAccounts(request?: QueryModuleAccountsRequest, useInterfaces: boolean = true): Promise<QueryModuleAccountsResponse> {
      return queryService.moduleAccounts(request, useInterfaces);
    },
    bech32Prefix(request?: Bech32PrefixRequest, useInterfaces: boolean = true): Promise<Bech32PrefixResponse> {
      return queryService.bech32Prefix(request, useInterfaces);
    },
    addressBytesToString(request: AddressBytesToStringRequest, useInterfaces: boolean = true): Promise<AddressBytesToStringResponse> {
      return queryService.addressBytesToString(request, useInterfaces);
    },
    addressStringToBytes(request: AddressStringToBytesRequest, useInterfaces: boolean = true): Promise<AddressStringToBytesResponse> {
      return queryService.addressStringToBytes(request, useInterfaces);
    }
  };
};"
`;
