// Jest Snapshot v1, https://goo.gl/fbAQLP

exports[`osmosis/lockup/tx duration 1`] = `
"export interface MsgLockTokens {
  owner: string;
  duration?: Duration;
  coins: Coin[];
}"
`;

exports[`osmosis/lockup/tx duration 2`] = `
"export const MsgLockTokens = {
  encode(message: MsgLockTokens, writer: _m0.Writer = _m0.Writer.create()): _m0.Writer {
    if (message.owner !== "") {
      writer.uint32(10).string(message.owner);
    }

    if (message.duration !== undefined) {
      Duration.encode(message.duration, writer.uint32(18).fork()).ldelim();
    }

    for (const v of message.coins) {
      Coin.encode(v!, writer.uint32(26).fork()).ldelim();
    }

    return writer;
  },

  decode(input: _m0.Reader | Uint8Array, length?: number): MsgLockTokens {
    const reader = input instanceof _m0.Reader ? input : new _m0.Reader(input);
    let end = length === undefined ? reader.len : reader.pos + length;
    const message = createBaseMsgLockTokens();

    while (reader.pos < end) {
      const tag = reader.uint32();

      switch (tag >>> 3) {
        case 1:
          message.owner = reader.string();
          break;

        case 2:
          message.duration = Duration.decode(reader, reader.uint32());
          break;

        case 3:
          message.coins.push(Coin.decode(reader, reader.uint32()));
          break;

        default:
          reader.skipType(tag & 7);
          break;
      }
    }

    return message;
  },

  fromJSON(object: any): MsgLockTokens {
    return {
      owner: isSet(object.owner) ? String(object.owner) : "",
      duration: isSet(object.duration) ? Duration.fromJSON(object.duration) : undefined,
      coins: Array.isArray(object?.coins) ? object.coins.map((e: any) => Coin.fromJSON(e)) : []
    };
  },

  toJSON(message: MsgLockTokens): unknown {
    const obj: any = {};
    message.owner !== undefined && (obj.owner = message.owner);
    message.duration !== undefined && (obj.duration = message.duration ? Duration.toJSON(message.duration) : undefined);

    if (message.coins) {
      obj.coins = message.coins.map(e => e ? Coin.toJSON(e) : undefined);
    } else {
      obj.coins = [];
    }

    return obj;
  },

  fromPartial(object: DeepPartial<MsgLockTokens>): MsgLockTokens {
    const message = createBaseMsgLockTokens();
    message.owner = object.owner ?? "";
    message.duration = object.duration !== undefined && object.duration !== null ? Duration.fromPartial(object.duration) : undefined;
    message.coins = object.coins?.map(e => Coin.fromPartial(e)) || [];
    return message;
  },

  fromSDK(object: MsgLockTokensSDKType): MsgLockTokens {
    return {
      owner: object?.owner,
      duration: object.duration ? Duration.fromSDK(object.duration) : undefined,
      coins: Array.isArray(object?.coins) ? object.coins.map((e: any) => Coin.fromSDK(e)) : []
    };
  },

  toSDK(message: MsgLockTokens): MsgLockTokensSDKType {
    const obj: any = {};
    obj.owner = message.owner;
    message.duration !== undefined && (obj.duration = message.duration ? Duration.toSDK(message.duration) : undefined);

    if (message.coins) {
      obj.coins = message.coins.map(e => e ? Coin.toSDK(e) : undefined);
    } else {
      obj.coins = [];
    }

    return obj;
  }

};"
`;

exports[`osmosis/lockup/tx duration 3`] = `
"export interface MsgLockTokensAminoType extends AminoMsg {
  type: "osmosis/lockup/lock-tokens";
  value: {
    owner: string;
    duration: {
      seconds: string;
      nanos: number;
    };
    coins: {
      denom: string;
      amount: string;
    }[];
  };
}"
`;

exports[`osmosis/lockup/tx duration 4`] = `
"export const AminoConverter = {
  "/osmosis.lockup.MsgLockTokens": {
    aminoType: "osmosis/lockup/lock-tokens",
    toAmino: ({
      owner,
      duration,
      coins
    }: MsgLockTokens): MsgLockTokensAminoType["value"] => {
      return {
        owner,
        duration: (duration * 1_000_000_000).toString(),
        coins: coins.map(el0 => ({
          denom: el0.denom,
          amount: el0.amount
        }))
      };
    },
    fromAmino: ({
      owner,
      duration,
      coins
    }: MsgLockTokensAminoType["value"]): MsgLockTokens => {
      return {
        owner,
        duration: {
          seconds: Long.fromNumber(Math.floor(parseInt(duration) / 1_000_000_000)),
          nanos: parseInt(duration) % 1_000_000_000
        },
        coins: coins.map(el0 => ({
          denom: el0.denom,
          amount: el0.amount
        }))
      };
    }
  }
};"
`;

exports[`osmosis/lockup/tx string 1`] = `
"export interface MsgLockTokens {
  owner: string;
  duration?: string;
  coins: Coin[];
}"
`;

exports[`osmosis/lockup/tx string 2`] = `
"export const MsgLockTokens = {
  encode(message: MsgLockTokens, writer: _m0.Writer = _m0.Writer.create()): _m0.Writer {
    if (message.owner !== "") {
      writer.uint32(10).string(message.owner);
    }

    if (message.duration !== undefined) {
      Duration.encode(toDuration(message.duration), writer.uint32(18).fork()).ldelim();
    }

    for (const v of message.coins) {
      Coin.encode(v!, writer.uint32(26).fork()).ldelim();
    }

    return writer;
  },

  decode(input: _m0.Reader | Uint8Array, length?: number): MsgLockTokens {
    const reader = input instanceof _m0.Reader ? input : new _m0.Reader(input);
    let end = length === undefined ? reader.len : reader.pos + length;
    const message = createBaseMsgLockTokens();

    while (reader.pos < end) {
      const tag = reader.uint32();

      switch (tag >>> 3) {
        case 1:
          message.owner = reader.string();
          break;

        case 2:
          message.duration = fromDuration(Duration.decode(reader, reader.uint32()));
          break;

        case 3:
          message.coins.push(Coin.decode(reader, reader.uint32()));
          break;

        default:
          reader.skipType(tag & 7);
          break;
      }
    }

    return message;
  },

  fromJSON(object: any): MsgLockTokens {
    return {
      owner: isSet(object.owner) ? String(object.owner) : "",
      duration: isSet(object.duration) ? String(object.duration) : undefined,
      coins: Array.isArray(object?.coins) ? object.coins.map((e: any) => Coin.fromJSON(e)) : []
    };
  },

  toJSON(message: MsgLockTokens): unknown {
    const obj: any = {};
    message.owner !== undefined && (obj.owner = message.owner);
    message.duration !== undefined && (obj.duration = message.duration);

    if (message.coins) {
      obj.coins = message.coins.map(e => e ? Coin.toJSON(e) : undefined);
    } else {
      obj.coins = [];
    }

    return obj;
  },

  fromPartial(object: DeepPartial<MsgLockTokens>): MsgLockTokens {
    const message = createBaseMsgLockTokens();
    message.owner = object.owner ?? "";
    message.duration = object.duration ?? undefined;
    message.coins = object.coins?.map(e => Coin.fromPartial(e)) || [];
    return message;
  },

  fromSDK(object: MsgLockTokensSDKType): MsgLockTokens {
    return {
      owner: object?.owner,
      duration: object.duration ? Duration.fromSDK(object.duration) : undefined,
      coins: Array.isArray(object?.coins) ? object.coins.map((e: any) => Coin.fromSDK(e)) : []
    };
  },

  toSDK(message: MsgLockTokens): MsgLockTokensSDKType {
    const obj: any = {};
    obj.owner = message.owner;
    message.duration !== undefined && (obj.duration = message.duration ? Duration.toSDK(message.duration) : undefined);

    if (message.coins) {
      obj.coins = message.coins.map(e => e ? Coin.toSDK(e) : undefined);
    } else {
      obj.coins = [];
    }

    return obj;
  }

};"
`;

exports[`osmosis/lockup/tx string 3`] = `
"export interface MsgLockTokensAminoType extends AminoMsg {
  type: "osmosis/lockup/lock-tokens";
  value: {
    owner: string;
    duration: string;
    coins: {
      denom: string;
      amount: string;
    }[];
  };
}"
`;

exports[`osmosis/lockup/tx string 4`] = `
"export const AminoConverter = {
  "/osmosis.lockup.MsgLockTokens": {
    aminoType: "osmosis/lockup/lock-tokens",
    toAmino: ({
      owner,
      duration,
      coins
    }: MsgLockTokens): MsgLockTokensAminoType["value"] => {
      return {
        owner,
        duration: (duration * 1_000_000_000).toString(),
        coins: coins.map(el0 => ({
          denom: el0.denom,
          amount: el0.amount
        }))
      };
    },
    fromAmino: ({
      owner,
      duration,
      coins
    }: MsgLockTokensAminoType["value"]): MsgLockTokens => {
      return {
        owner,
        duration: {
          seconds: Long.fromNumber(Math.floor(parseInt(duration) / 1_000_000_000)),
          nanos: parseInt(duration) % 1_000_000_000
        },
        coins: coins.map(el0 => ({
          denom: el0.denom,
          amount: el0.amount
        }))
      };
    }
  }
};"
`;
